// Jest Snapshot v1, https://goo.gl/fbAQLP

exports[`Test on NewShow Component Sould render with no props 1`] = `
<section
  className="w-100 text-center sizing"
>
  <section
    className="w-100  vertiCenter"
  >
    <img
      alt="wait to load"
      src="test-file-stub"
    />
  </section>
</section>
`;
