// Jest Snapshot v1, https://goo.gl/fbAQLP

exports[`testing EsgData Should render without props 1`] = `
<div
  className="row"
>
  <div
    className="col-12 text-muted"
  >
    <h2
      className="h1 pt-5"
    >
      Globechain the ESG data reuse solution making waste a resource for everyone
    </h2>
    <p
      className="h3 my-4"
    >
      We are the leading ESG data reuse marketplace connecting enterprises with non profits, small businesses and people to redistribute unneeded items.
    </p>
    <p
      className="h3 my-4"
    >
      We generate ESG data on your impact, help you reduce waste costs and achieve your sustainability and SDG targets.
    </p>
  </div>
</div>
`;
